1787642647 27 58834 4352
1787642677 26 58049 4279
1787642707 26 58075 4288
1787642738 26 58139 4259
1787642773 26 58282 4272
1787642803 26 58222 4224
1787642834 26 58766 4252
1787642866 26 59304 4258
1787642898 26 59339 4394
1787642931 26 59529 4337
1787642965 26 59340 4322
1787642997 26 59213 4321
1787643047 26 59584 4296
1787643085 26 57647 4157
1787643120 26 58295 4207
1787643150 26 58748 4420
1787643180 26 57785 4259
1787643210 26 58703 4481
1787643241 26 58039 4342
1787643271 26 58612 4505
1787643301 26 58290 4584
1787643347 26 59611 4494
1787643378 26 59660 4432
1787643408 26 70492 5434
1787643438 26 70008 5335
1787643470 26 70051 5255
1787643500 26 69961 5295
1787643530 26 69592 5264
1787643560 26 69468 5486
1787643591 26 70007 5342
1787643621 26 69565 5302
1787643652 26 69840 5275
1787643682 26 70131 5232
1787643712 26 70737 5294
1787643743 26 70757 5408
1787643780 26 71031 5435
1787643811 26 71070 5431
1787643843 26 70991 5454
1787643874 26 70959 5465
1787643906 26 70855 5410
1787643938 26 70339 5338
1787643969 26 70377 5359
1787644001 26 70309 5230
1787644034 26 70055 5167
1787644066 16 41866 5986
1787644096 16 20108 2849
1787644126 16 21853 3132
1787644156 16 23588 3344
1787644186 16 24649 3500
1787644217 16 25707 3640
1787644247 16 27771 3927
1787644277 16 29059 4117
1787644307 16 29865 4261
1787644337 16 30102 4321
1787644367 16 29913 4303
1787644397 16 29448 4201
1787644427 16 29530 4240
1787644457 16 29467 4215
1787644488 16 29446 4209
1787644518 16 25894 3749
1787644548 16 27312 3995
