outer-0 step 1 stage 1 제거 expB1_lookup_v1+expB2_lookup_v2+expB3_lookup_v3 → 유지 Δ=-0.007646140366
outer-0 step 2 stage 1 제거 expA1_tree_v1+expA2_tree_v2+expA3_tree_v3 → 유지 Δ=-0.002193428776
outer-0 step 3 stage 1 제거 expC1_linear+expC2_linear_v2 → 유지 Δ=-0.000572283732
outer-0 step 4 stage 2 제거 expB1_lookup_v1 → 유지 Δ=-0.000260945756
outer-0 step 5 stage 2 제거 expB2_lookup_v2 → 유지 Δ=-0.002543439851
outer-0 step 6 stage 2 제거 expB3_lookup_v3 → 유지 Δ=-0.002098503898
outer-0 step 7 stage 2 제거 expA1_tree_v1 → 제거 Δ=+0.001042611114
outer-0 step 8 stage 2 제거 expA2_tree_v2 → 유지 Δ=-0.001098472256
outer-0 step 9 stage 2 제거 expA3_tree_v3 → 유지 Δ=-0.001281290541
outer-0 step 10 stage 2 제거 expC1_linear → 제거 Δ=+0.000802759775
outer-0 step 11 stage 2 제거 expC2_linear_v2 → 유지 Δ=-0.001084409311
outer-0 step 12 stage 3 제거 expZ2_noise → 제거 Δ=+0.000001562549
outer-0 step 13 stage 3 제거 expD1_knn+expG1_proxy → 유지 Δ=-0.000451576788
outer-0 step 14 stage 3 제거 expB1_lookup_v1+expB2_lookup_v2+expB3_lookup_v3 → 유지 Δ=-0.007770167728
outer-0 step 15 stage 3 제거 expC2_linear_v2+expE1_spline+expF1_recon → 유지 Δ=-0.003410654790
outer-0 step 16 stage 3 제거 expA2_tree_v2+expA3_tree_v3+expZ1_clone → 유지 Δ=-0.004630224628
outer-0 step 17 stage 4 제거 expZ1_clone → 유지 Δ=-0.000128519691
outer-0 step 18 stage 4 제거 expF1_recon → 유지 Δ=-0.000124613318
outer-0 step 19 stage 4 제거 expB1_lookup_v1 → 제거 Δ=+0.000014062945
outer-0 step 20 stage 4 제거 expG1_proxy → 유지 Δ=-0.000244538987
outer-0 step 21 stage 4 제거 expD1_knn → 유지 Δ=-0.000081643208
outer-0 step 22 stage 4 제거 expE1_spline → 유지 Δ=-0.000763696039
outer-0 step 23 stage 4 제거 expC2_linear_v2 → 유지 Δ=-0.001093784608
outer-0 step 24 stage 4 제거 expA2_tree_v2 → 유지 Δ=-0.001036751553
outer-0 step 25 stage 4 제거 expA3_tree_v3 → 유지 Δ=-0.001433639111
outer-0 step 26 stage 4 제거 expB3_lookup_v3 → 유지 Δ=-0.002644224290
outer-0 step 27 stage 4 제거 expB2_lookup_v2 → 유지 Δ=-0.003192288506
outer-1 step 1 stage 1 제거 expB1_lookup_v1+expB2_lookup_v2+expB3_lookup_v3 → 유지 Δ=-0.008250442190
outer-1 step 2 stage 1 제거 expA1_tree_v1+expA2_tree_v2+expA3_tree_v3 → 유지 Δ=-0.001413876024
outer-1 step 3 stage 1 제거 expC1_linear+expC2_linear_v2 → 유지 Δ=-0.000788481491
outer-1 step 4 stage 2 제거 expB1_lookup_v1 → 제거 Δ=+0.000130664879
outer-1 step 5 stage 2 제거 expB2_lookup_v2 → 유지 Δ=-0.003676194851
outer-1 step 6 stage 2 제거 expB3_lookup_v3 → 유지 Δ=-0.001604502216
outer-1 step 7 stage 2 제거 expA1_tree_v1 → 제거 Δ=+0.000222462328
outer-1 step 8 stage 2 제거 expA2_tree_v2 → 유지 Δ=-0.000695902787
outer-1 step 9 stage 2 제거 expA3_tree_v3 → 유지 Δ=-0.000998248427
outer-1 step 10 stage 2 제거 expC1_linear → 제거 Δ=+0.000201759073
outer-1 step 11 stage 2 제거 expC2_linear_v2 → 유지 Δ=-0.000965435721
outer-1 step 12 stage 3 제거 expZ2_noise → 제거 Δ=+0.000469729498
outer-1 step 13 stage 3 제거 expD1_knn+expG1_proxy → 유지 Δ=-0.000200587191
outer-1 step 14 stage 3 제거 expB2_lookup_v2+expB3_lookup_v3 → 유지 Δ=-0.007863135082
outer-1 step 15 stage 3 제거 expC2_linear_v2+expE1_spline+expF1_recon → 유지 Δ=-0.003755296908
outer-1 step 16 stage 3 제거 expA2_tree_v2+expA3_tree_v3+expZ1_clone → 유지 Δ=-0.003651780636
outer-1 step 17 stage 4 제거 expZ1_clone → 유지 Δ=-0.000450979381
outer-1 step 18 stage 4 제거 expF1_recon → 유지 Δ=-0.000390822755
outer-1 step 19 stage 4 제거 expE1_spline → 유지 Δ=-0.000586917731
outer-1 step 20 stage 4 제거 expD1_knn → 유지 Δ=-0.000375588285
outer-1 step 21 stage 4 제거 expG1_proxy → 제거 Δ=+0.000090430253
outer-1 step 22 stage 4 제거 expA3_tree_v3 → 유지 Δ=-0.000800005000
outer-1 step 23 stage 4 제거 expA2_tree_v2 → 유지 Δ=-0.000411721323
outer-1 step 24 stage 4 제거 expC2_linear_v2 → 유지 Δ=-0.001467587297
outer-1 step 25 stage 4 제거 expB3_lookup_v3 → 유지 Δ=-0.002845330283
outer-1 step 26 stage 4 제거 expB2_lookup_v2 → 유지 Δ=-0.003551194070
outer-2 step 1 stage 1 제거 expB1_lookup_v1+expB2_lookup_v2+expB3_lookup_v3 → 유지 Δ=-0.008258247700
outer-2 step 2 stage 1 제거 expA1_tree_v1+expA2_tree_v2+expA3_tree_v3 → 유지 Δ=-0.001732204470
outer-2 step 3 stage 1 제거 expC1_linear+expC2_linear_v2 → 유지 Δ=-0.000757888289
outer-2 step 4 stage 2 제거 expB1_lookup_v1 → 유지 Δ=-0.000472312856
outer-2 step 5 stage 2 제거 expB2_lookup_v2 → 유지 Δ=-0.003161253625
outer-2 step 6 stage 2 제거 expB3_lookup_v3 → 유지 Δ=-0.001092101398
outer-2 step 7 stage 2 제거 expA1_tree_v1 → 제거 Δ=+0.001050495675
outer-2 step 8 stage 2 제거 expA2_tree_v2 → 유지 Δ=-0.000735620437
outer-2 step 9 stage 2 제거 expA3_tree_v3 → 유지 Δ=-0.001115736574
outer-2 step 10 stage 2 제거 expC1_linear → 유지 Δ=-0.000048442344
outer-2 step 11 stage 2 제거 expC2_linear_v2 → 유지 Δ=-0.000940719072
outer-2 step 12 stage 3 제거 expZ2_noise → 제거 Δ=+0.000004687969
outer-2 step 13 stage 3 제거 expD1_knn+expG1_proxy → 유지 Δ=-0.000161344259
outer-2 step 14 stage 3 제거 expB1_lookup_v1+expB2_lookup_v2+expB3_lookup_v3 → 유지 Δ=-0.007804686719
outer-2 step 15 stage 3 제거 expC1_linear+expC2_linear_v2+expE1_spline+expF1_recon → 유지 Δ=-0.002372893539
outer-2 step 16 stage 3 제거 expA2_tree_v2+expA3_tree_v3+expZ1_clone → 유지 Δ=-0.002633271140
outer-2 step 17 stage 4 제거 expZ1_clone → 제거 Δ=+0.000200801330
outer-2 step 18 stage 4 제거 expF1_recon → 제거 Δ=+0.000112120587
outer-2 step 19 stage 4 제거 expG1_proxy → 유지 Δ=-0.000106260626
outer-2 step 20 stage 4 제거 expC1_linear → 유지 Δ=-0.000123840509
outer-2 step 21 stage 4 제거 expD1_knn → 제거 Δ=+0.000490869399
outer-2 step 22 stage 4 제거 expB1_lookup_v1 → 유지 Δ=-0.000322493187
outer-2 step 23 stage 4 제거 expA2_tree_v2 → 유지 Δ=-0.000988966084
outer-2 step 24 stage 4 제거 expE1_spline → 유지 Δ=-0.001459325620
outer-2 step 25 stage 4 제거 expC2_linear_v2 → 유지 Δ=-0.000767459558
outer-2 step 26 stage 4 제거 expA3_tree_v3 → 유지 Δ=-0.001332945795
outer-2 step 27 stage 4 제거 expB3_lookup_v3 → 유지 Δ=-0.001064168917
outer-2 step 28 stage 4 제거 expB2_lookup_v2 → 유지 Δ=-0.003496834058
outer-3 step 1 stage 1 제거 expB1_lookup_v1+expB2_lookup_v2+expB3_lookup_v3 → 유지 Δ=-0.008702984081
outer-3 step 2 stage 1 제거 expA1_tree_v1+expA2_tree_v2+expA3_tree_v3 → 유지 Δ=-0.000688285552
outer-3 step 3 stage 1 제거 expC1_linear+expC2_linear_v2 → 유지 Δ=-0.001169538560
outer-3 step 4 stage 2 제거 expB1_lookup_v1 → 유지 Δ=-0.000746879668
outer-3 step 5 stage 2 제거 expB2_lookup_v2 → 유지 Δ=-0.002179896437
outer-3 step 6 stage 2 제거 expB3_lookup_v3 → 유지 Δ=-0.001503915649
outer-3 step 7 stage 2 제거 expA1_tree_v1 → 제거 Δ=+0.001131647698
outer-3 step 8 stage 2 제거 expA2_tree_v2 → 유지 Δ=-0.000358205364
outer-3 step 9 stage 2 제거 expA3_tree_v3 → 유지 Δ=-0.000832817705
outer-3 step 10 stage 2 제거 expC1_linear → 제거 Δ=+0.000416408853
outer-3 step 11 stage 2 제거 expC2_linear_v2 → 유지 Δ=-0.001464071650
outer-3 step 12 stage 3 제거 expZ2_noise → 제거 Δ=+0.000000000000
outer-3 step 13 stage 3 제거 expD1_knn+expG1_proxy → 유지 Δ=-0.000722660767
outer-3 step 14 stage 3 제거 expB1_lookup_v1+expB2_lookup_v2+expB3_lookup_v3 → 유지 Δ=-0.009096150601
outer-3 step 15 stage 3 제거 expC2_linear_v2+expE1_spline+expF1_recon → 유지 Δ=-0.002539273683
outer-3 step 16 stage 3 제거 expA2_tree_v2+expA3_tree_v3+expZ1_clone → 유지 Δ=-0.002609391309
outer-3 step 17 stage 4 제거 expZ1_clone → 유지 Δ=-0.000030859568
outer-3 step 18 stage 4 제거 expE1_spline → 제거 Δ=+0.000003125020
outer-3 step 19 stage 4 제거 expA2_tree_v2 → 유지 Δ=-0.000130860193
outer-3 step 20 stage 4 제거 expF1_recon → 유지 Δ=-0.000514456340
outer-3 step 21 stage 4 제거 expG1_proxy → 유지 Δ=-0.000378908618
outer-3 step 22 stage 4 제거 expD1_knn → 유지 Δ=-0.000442580891
outer-3 step 23 stage 4 제거 expA3_tree_v3 → 유지 Δ=-0.000846489666
outer-3 step 24 stage 4 제거 expB1_lookup_v1 → 유지 Δ=-0.000874614841
outer-3 step 25 stage 4 제거 expC2_linear_v2 → 유지 Δ=-0.001796495603
outer-3 step 26 stage 4 제거 expB2_lookup_v2 → 유지 Δ=-0.002502359390
outer-3 step 27 stage 4 제거 expB3_lookup_v3 → 유지 Δ=-0.002521500134
outer-4 step 1 stage 1 제거 expB1_lookup_v1+expB2_lookup_v2+expB3_lookup_v3 → 유지 Δ=-0.006425515473
outer-4 step 2 stage 1 제거 expA1_tree_v1+expA2_tree_v2+expA3_tree_v3 → 유지 Δ=-0.001528731200
outer-4 step 3 stage 1 제거 expC1_linear+expC2_linear_v2 → 유지 Δ=-0.001775641018
outer-4 step 4 stage 2 제거 expB1_lookup_v1 → 유지 Δ=-0.000135761332
outer-4 step 5 stage 2 제거 expB2_lookup_v2 → 유지 Δ=-0.001947149579
outer-4 step 6 stage 2 제거 expB3_lookup_v3 → 유지 Δ=-0.000729009052
outer-4 step 7 stage 2 제거 expA1_tree_v1 → 제거 Δ=+0.001010689398
outer-4 step 8 stage 2 제거 expA2_tree_v2 → 유지 Δ=-0.000278164226
outer-4 step 9 stage 2 제거 expA3_tree_v3 → 유지 Δ=-0.001522870999
outer-4 step 10 stage 2 제거 expC1_linear → 제거 Δ=+0.000209795209
outer-4 step 11 stage 2 제거 expC2_linear_v2 → 유지 Δ=-0.002358145035
outer-4 step 12 stage 3 제거 expZ2_noise → 제거 Δ=+0.000003906801
outer-4 step 13 stage 3 제거 expD1_knn+expG1_proxy → 유지 Δ=-0.000143770274
outer-4 step 14 stage 3 제거 expB1_lookup_v1+expB2_lookup_v2+expB3_lookup_v3 → 유지 Δ=-0.007374868097
outer-4 step 15 stage 3 제거 expC2_linear_v2+expE1_spline+expF1_recon → 유지 Δ=-0.003831399662
outer-4 step 16 stage 3 제거 expA2_tree_v2+expA3_tree_v3+expZ1_clone → 유지 Δ=-0.004146287816
outer-4 step 17 stage 4 제거 expZ1_clone → 유지 Δ=-0.000316060194
outer-4 step 18 stage 4 제거 expF1_recon → 제거 Δ=+0.000244565738
outer-4 step 19 stage 4 제거 expG1_proxy → 유지 Δ=-0.000046881611
outer-4 step 20 stage 4 제거 expA2_tree_v2 → 유지 Δ=-0.000226203773
outer-4 step 21 stage 4 제거 expD1_knn → 제거 Δ=+0.000053913853
outer-4 step 22 stage 4 제거 expB1_lookup_v1 → 제거 Δ=+0.000160960198
outer-4 step 23 stage 4 제거 expE1_spline → 유지 Δ=-0.001786970741
outer-4 step 24 stage 4 제거 expA3_tree_v3 → 유지 Δ=-0.001588114574
outer-4 step 25 stage 4 제거 expB3_lookup_v3 → 유지 Δ=-0.002670884449
outer-4 step 26 stage 4 제거 expC2_linear_v2 → 유지 Δ=-0.002817780164
outer-4 step 27 stage 4 제거 expB2_lookup_v2 → 유지 Δ=-0.002655452585
final step 1 stage 1 제거 expB1_lookup_v1+expB2_lookup_v2+expB3_lookup_v3 → 유지 Δ=-0.008118627030
final step 2 stage 1 제거 expA1_tree_v1+expA2_tree_v2+expA3_tree_v3 → 유지 Δ=-0.001415875354
final step 3 stage 1 제거 expC1_linear+expC2_linear_v2 → 유지 Δ=-0.000783500196
final step 4 stage 2 제거 expB1_lookup_v1 → 유지 Δ=-0.000352625088
final step 5 stage 2 제거 expB2_lookup_v2 → 유지 Δ=-0.002188250547
final step 6 stage 2 제거 expB3_lookup_v3 → 유지 Δ=-0.001053375263
final step 7 stage 2 제거 expA1_tree_v1 → 제거 Δ=+0.001005625251
final step 8 stage 2 제거 expA2_tree_v2 → 유지 Δ=-0.000565500141
final step 9 stage 2 제거 expA3_tree_v3 → 유지 Δ=-0.001100250275
final step 10 stage 2 제거 expC1_linear → 제거 Δ=+0.000356250089
final step 11 stage 2 제거 expC2_linear_v2 → 유지 Δ=-0.001516750379
final step 12 stage 3 제거 expZ2_noise → 제거 Δ=+0.000000000000
final step 13 stage 3 제거 expD1_knn+expG1_proxy → 유지 Δ=-0.000321750080
final step 14 stage 3 제거 expB1_lookup_v1+expB2_lookup_v2+expB3_lookup_v3 → 유지 Δ=-0.008019502005
final step 15 stage 3 제거 expC2_linear_v2+expE1_spline+expF1_recon → 유지 Δ=-0.003023375756
final step 16 stage 3 제거 expA2_tree_v2+expA3_tree_v3+expZ1_clone → 유지 Δ=-0.003683750921
final step 17 stage 4 제거 expZ1_clone → 유지 Δ=-0.000129500032
final step 18 stage 4 제거 expF1_recon → 유지 Δ=-0.000196500049
final step 19 stage 4 제거 expD1_knn → 유지 Δ=-0.000179250045
final step 20 stage 4 제거 expB1_lookup_v1 → 유지 Δ=-0.000260625065
final step 21 stage 4 제거 expG1_proxy → 유지 Δ=-0.000077250019
final step 22 stage 4 제거 expE1_spline → 유지 Δ=-0.000792500198
final step 23 stage 4 제거 expA2_tree_v2 → 유지 Δ=-0.000615000154
final step 24 stage 4 제거 expA3_tree_v3 → 유지 Δ=-0.001196000299
final step 25 stage 4 제거 expC2_linear_v2 → 유지 Δ=-0.000915375229
final step 26 stage 4 제거 expB3_lookup_v3 → 유지 Δ=-0.001939500485
final step 27 stage 4 제거 expB2_lookup_v2 → 유지 Δ=-0.002438750610

# 비용 (행 4000, 구성원 14, 전략 19)
- 소요 169.4초, 결합 전략 적합 13685회, 대조 162건
- 이 설정의 적합 1회 평균 0.012초
- 실제 35개 풀 외삽 적합 횟수 약 34,212회
- 행 배율 173배는 결합 전략마다 다르므로 여기서 곱하지 않는다.
- 분할별 축소 풀 크기: fold 0=10, fold 1=9, fold 2=9, fold 3=10, fold 4=8, 최종=11
